// Jest Snapshot v1, https://goo.gl/fbAQLP

exports[`Language Provider snapshot 1`] = `ShallowWrapper {}`;
