// Jest Snapshot v1, https://goo.gl/fbAQLP

exports[`components/Typography/Ellipsis UI without 1`] = `ShallowWrapper {}`;

exports[`components/Typography/Ellipsis UI without 2`] = `ShallowWrapper {}`;
