// Jest Snapshot v1, https://goo.gl/fbAQLP

exports[`components/Dialog/ImageUploadDialog without photo UI components for minimal props 1`] = `ShallowWrapper {}`;

exports[`components/Dialog/ImageUploadDialog without photo UI components with additonal props 1`] = `ShallowWrapper {}`;

exports[`connected component snapshot test 1`] = `ShallowWrapper {}`;
