// Jest Snapshot v1, https://goo.gl/fbAQLP

exports[`containers/pages/Account routing Snapshot test 1`] = `ShallowWrapper {}`;
