// Jest Snapshot v1, https://goo.gl/fbAQLP

exports[`containers/pages/Account/Profile - real mount Snapshot test 1`] = `ReactWrapper {}`;

exports[`containers/pages/Account/Profile Snapshot test 1`] = `ShallowWrapper {}`;
