// Jest Snapshot v1, https://goo.gl/fbAQLP

exports[`containers/pages/Account/VerifyEmail - real mount Snapshot test 1`] = `ReactWrapper {}`;
