// Jest Snapshot v1, https://goo.gl/fbAQLP

exports[`containers/layout/PrivateHeader Snapshot test 1`] = `ReactWrapper {}`;
