// Jest Snapshot v1, https://goo.gl/fbAQLP

exports[`containers/layout/PrivateHeader snapshot test 1`] = `ReactWrapper {}`;
