// Jest Snapshot v1, https://goo.gl/fbAQLP

exports[`containers/pages/Map Snapshot test 1`] = `ReactWrapper {}`;
