// Jest Snapshot v1, https://goo.gl/fbAQLP

exports[`containers/others/PhoneInput snapshot test 1`] = `ShallowWrapper {}`;
