// Jest Snapshot v1, https://goo.gl/fbAQLP

exports[`Public Page snapshot 1`] = `ShallowWrapper {}`;
