// Jest Snapshot v1, https://goo.gl/fbAQLP

exports[`containers/pages/auth/signup Snapshot test 1`] = `ReactWrapper {}`;
