// Jest Snapshot v1, https://goo.gl/fbAQLP

exports[`containers/pages/auth/signup/page1 UI components Snapshot test 1`] = `ReactWrapper {}`;
