// Jest Snapshot v1, https://goo.gl/fbAQLP

exports[`containers/pages/auth/reset Snapshot test 1`] = `ReactWrapper {}`;
