// Jest Snapshot v1, https://goo.gl/fbAQLP

exports[`containers/pages/Help snapshot test 1`] = `ShallowWrapper {}`;
